EN freqdiv NULL D:/ComputerCompositionExperiment/Exp2/RAM_UART/FreqDiv.vhd sub00/vhpl03 1510159576
PH constants NULL D:/ComputerCompositionExperiment/Exp2/RAM_UART/constants.vhd sub00/vhpl00 1510159575
AR main behavioral D:/ComputerCompositionExperiment/Exp2/RAM_UART/main.vhd sub00/vhpl02 1510159579
EN main NULL D:/ComputerCompositionExperiment/Exp2/RAM_UART/main.vhd sub00/vhpl01 1510159578
AR freqdiv freqdiv_bhv D:/ComputerCompositionExperiment/Exp2/RAM_UART/FreqDiv.vhd sub00/vhpl04 1510159577
